[Licensing::Module] Trying to connect to existing licensing client channel...
Built from '6000.4/staging' branch; Version is '6000.4.2f1 (7a4c1aeef971) revision 8014874'; Using compiler version '194234433'; Build Type 'Release'
OS: 'Windows 11  (10.0.26200) Core' Language: 'de' Physical Memory: 16101 MB
[Licensing::IpcConnector] Successfully connected to: "LicenseClient-luisf" at "2026-04-29T11:59:13.0878388Z"
BatchMode: 1, IsHumanControllingUs: 0, StartBugReporterOnCrash: 0, Is64bit: 1
System  architecture: x64
Process architecture: x64
Date: 2026-04-29T11:59:13Z

COMMAND LINE ARGUMENTS:
C:\Program Files\Unity\Hub\Editor\6000.4.2f1\Editor\Unity.exe
-adb2
-batchMode
-noUpm
-name
AssetImportWorker0
-projectPath
C:/Desktop/UnityProjekte/SS26/MacroGame/Macro-Game_V2
-logFile
Logs/AssetImportWorker0.log
-srvPort
54552
-licensingIpc
LicenseClient-luisf
-force-d3d12
-job-worker-count
13
-background-job-worker-count
8
-gc-helper-count
1
-name
AssetImport
Successfully changed project path to: C:/Desktop/UnityProjekte/SS26/MacroGame/Macro-Game_V2
C:/Desktop/UnityProjekte/SS26/MacroGame/Macro-Game_V2
[UnityMemory] Configuration Parameters - Can be set up in boot.config
    "memorysetup-temp-allocator-size-gi-baking-worker=262144"
    "memorysetup-temp-allocator-size-gi-baking-worker=262144"
    "memorysetup-temp-allocator-size-gi-baking-worker=262144"
    "memorysetup-temp-allocator-size-gi-baking-worker=262144"
    "memorysetup-temp-allocator-size-gi-baking-worker=262144"
    "memorysetup-temp-allocator-size-nav-mesh-worker=65536"
    "memorysetup-temp-allocator-size-audio-worker=65536"
    "memorysetup-temp-allocator-size-cloud-worker=32768"
    "memorysetup-temp-allocator-size-gfx=262144"
    "memorysetup-temp-allocator-size-preload-manager=33554432"
    "memorysetup-temp-allocator-size-job-worker=262144"
    "memorysetup-temp-allocator-size-background-worker=32768"
    "memorysetup-allocator-temp-initial-block-size-main=262144"
    "memorysetup-allocator-temp-initial-block-size-worker=262144"
    "memorysetup-bucket-allocator-granularity=16"
    "memorysetup-bucket-allocator-bucket-count=8"
    "memorysetup-bucket-allocator-block-size=33554432"
    "memorysetup-bucket-allocator-block-count=8"
    "memorysetup-main-allocator-block-size=16777216"
    "memorysetup-thread-allocator-block-size=16777216"
    "memorysetup-gfx-main-allocator-block-size=16777216"
    "memorysetup-gfx-thread-allocator-block-size=16777216"
    "memorysetup-cache-allocator-block-size=4194304"
    "memorysetup-typetree-allocator-block-size=2097152"
    "memorysetup-profiler-bucket-allocator-granularity=16"
    "memorysetup-profiler-bucket-allocator-bucket-count=8"
    "memorysetup-profiler-bucket-allocator-block-size=33554432"
    "memorysetup-profiler-bucket-allocator-block-count=8"
    "memorysetup-profiler-allocator-block-size=16777216"
    "memorysetup-profiler-editor-allocator-block-size=1048576"
    "memorysetup-temp-allocator-size-main=16777216"
    "memorysetup-job-temp-allocator-block-size=2097152"
    "memorysetup-job-temp-allocator-block-size-background=1048576"
    "memorysetup-job-temp-allocator-reduction-small-platforms=262144"
Player connection [22260]  Target information:

Player connection [22260]  * "[IP] 192.168.1.6 [Port] 0 [Flags] 2 [Guid] 3748934695 [EditorId] 3748934695 [Version] 1048832 [Id] WindowsEditor(7,Aurora_R16_Luis) [Debug] 1 [PackageName] WindowsEditor [ProjectName] Editor" 

Player connection [22260] Host joined multi-casting on [225.0.0.222:54997]...
Player connection [22260] Host joined alternative multi-casting on [225.0.0.222:34997]...
JobSystem: Creating JobQueue using job-worker-count value 13
Input System module state changed to: Initialized.
[Physics::Module] Initialized fallback backend.
[Physics::Module] Id: 0xdecafbad
Library Redirect Path: Library/
[Physics::Module] Selected backend.
[Physics::Module] Name: PhysX
[Physics::Module] Id: 0xf2b8ea05
[Physics::Module] SDK Version: 4.1.2
[Physics::Module] Integration Version: 1.0.0
[Physics::Module] Threading Mode: Multi-Threaded
Refreshing native plugins compatible for Editor in 2.71 ms, found 4 plugins.
Initialize engine version: 6000.4.2f1 (7a4c1aeef971)
[Subsystems] Discovering subsystems at path C:/Program Files/Unity/Hub/Editor/6000.4.2f1/Editor/Data/Resources/UnitySubsystems
[Subsystems] Discovering subsystems at path C:/Desktop/UnityProjekte/SS26/MacroGame/Macro-Game_V2/Assets
Forcing GfxDevice: Direct3D 12
GfxDevice: creating device client; kGfxThreadingModeNonThreaded
d3d12: failed to query info queue interface (0x80004002).
Direct3D:
    Version:         Direct3D 12 [level 12.2]
    Renderer:        NVIDIA GeForce RTX 4060 (ID=0x2882)
    Vendor:          NVIDIA
    VRAM:            7957 MB
    App VRAM Budget: 7189 MB
    Driver:          32.0.15.8195
Initialize mono
Mono path[0] = 'C:/Program Files/Unity/Hub/Editor/6000.4.2f1/Editor/Data/Managed'
Mono path[1] = 'C:/Program Files/Unity/Hub/Editor/6000.4.2f1/Editor/Data/MonoBleedingEdge/lib/mono/unityjit-win32'
Mono config path = 'C:/Program Files/Unity/Hub/Editor/6000.4.2f1/Editor/Data/MonoBleedingEdge/etc'
Using monoOptions --debugger-agent=transport=dt_socket,embedding=1,server=y,suspend=n,address=127.0.0.1:56412
CodeReloadManager initialized
Begin MonoManager ReloadAssembly
Registering precompiled unity dll's ...
Register platform support module: C:/Program Files/Unity/Hub/Editor/6000.4.2f1/Editor/Data/PlaybackEngines/WebGLSupport/UnityEditor.WebGL.Extensions.dll
Register platform support module: C:/Program Files/Unity/Hub/Editor/6000.4.2f1/Editor/Data/PlaybackEngines/WindowsStandaloneSupport/UnityEditor.WindowsStandalone.Extensions.dll
[Licensing::Module] Licensing is not yet initialized.
[Licensing::Client] Error: HandshakeResponse reported an error:
	ResponseCode: 505
	ResponseStatus: Unsupported protocol version '1.18.1'.
[Licensing::Module] Error: Failed to handshake to channel: "LicenseClient-luisf"
[Licensing::IpcConnector] LicenseClient-luisf channel disconnected successfully.
[Licensing::IpcConnector] Successfully connected to: "LicenseClient-luisf-6000.4.2" at "2026-04-29T11:59:15.4068827Z"
[Licensing::Client] Handshaking with LicensingClient:
  Version:                 1.18.1+9fbee8e
  Session Id:              72b29ea743354b188f73b678eb6396db
  Correlation Id:          a24af9894f636f555bf672583d8a4778
  External correlation Id: 1549455791612325069
  Machine Id:              AJulpBpliBR+K7VQ9bZHV9LIM7o=
[Licensing::Module] Successfully connected to LicensingClient on channel: "LicenseClient-luisf-6000.4.2" (connect: 0.00s, validation: 0.00s, handshake: 1.73s)
[Licensing::IpcConnector] Successfully connected to: "LicenseClient-luisf-6000.4.2-notifications" at "2026-04-29T11:59:17.1410636Z"
[Licensing::Module] Licensing Background thread has ended after 4.05s
[Licensing::Module] Licensing is initialized (took 2.99s).
[Licensing::Client] Successfully resolved entitlement details
[Licensing::Module] License group:
  Id: 9072250708552-UnityPersXXXX
  Product: Unity Personal
  Type: Assigned
  Expiration: Unlimited
Register platform support module: C:/Program Files/Unity/Hub/Editor/6000.4.2f1/Editor/Data/PlaybackEngines/AndroidPlayer/UnityEditor.Android.Extensions.dll
Registered in 3.001597 seconds.
Native extension for Android target not found
Native extension for WindowsStandalone target not found
Native extension for WebGL target not found
Package Manager log level set to [2]
[Package Manager] Failed to launch server process. Reason: Unity was launched with the -noUpm command-line argument
[Package Manager] Unable to send message (not connected to server process).
[Package Manager] Cannot connect to Unity Package Manager local server
ScheduleIndexationOnStartup MainProcess:False IndexOnStartup:True
Mono: successfully reloaded assembly
- Finished resetting the current domain, in  0.323 seconds
Domain Reload Profiling: 3757ms
	BeginReloadAssembly (95ms)
	RebuildCommonClasses (26ms)
	RebuildNativeTypeToScriptingClass (8ms)
	initialDomainReloadingComplete (3055ms)
	LoadAllAssembliesAndSetupDomain (246ms)
		LoadAssemblies (94ms)
		AnalyzeDomain (236ms)
			TypeCache.Refresh (235ms)
				TypeCache.ScanAssembly (140ms)
	FinalizeReload (326ms)
		SetupLoadedEditorAssemblies (0ms)
			InitializePlatformSupportModulesInManaged (75ms)
			BeforeProcessingInitializeOnLoad (59ms)
			ProcessInitializeOnLoadAttributes (71ms)
			ProcessInitializeOnLoadMethodAttributes (57ms)
========================================================================
Worker process is ready to serve import requests
Import Worker Mode flag is 0x00
Begin MonoManager ReloadAssembly
[Licensing::Client] Successfully resolved entitlement details
Assembly Assembly-CSharp-Editor-firstpass.dll at Library/ScriptAssemblies/Assembly-CSharp-Editor-firstpass.dll not valid. Loading of assembly skipped.
Assembly Assembly-CSharp-firstpass.dll at Library/ScriptAssemblies/Assembly-CSharp-firstpass.dll not valid. Loading of assembly skipped.
Assembly DocCodeExamples.dll at Library/ScriptAssemblies/DocCodeExamples.dll not valid. Loading of assembly skipped.
Assembly TestNewCustomAssembly.dll at Library/ScriptAssemblies/TestNewCustomAssembly.dll not valid. Loading of assembly skipped.
Assembly Unity.Collections.BurstCompatibilityGen.dll at Library/ScriptAssemblies/Unity.Collections.BurstCompatibilityGen.dll not valid. Loading of assembly skipped.
Assembly Unity.Collections.DocCodeSamples.dll at Library/ScriptAssemblies/Unity.Collections.DocCodeSamples.dll not valid. Loading of assembly skipped.
Assembly Unity.Collections.PerformanceTests.dll at Library/ScriptAssemblies/Unity.Collections.PerformanceTests.dll not valid. Loading of assembly skipped.
Assembly Unity.Collections.Tests.dll at Library/ScriptAssemblies/Unity.Collections.Tests.dll not valid. Loading of assembly skipped.
Assembly Unity.Collections.Tests.Playmode.dll at Library/ScriptAssemblies/Unity.Collections.Tests.Playmode.dll not valid. Loading of assembly skipped.
Assembly Unity.InputSystem.IntegrationTests.dll at Library/ScriptAssemblies/Unity.InputSystem.IntegrationTests.dll not valid. Loading of assembly skipped.
Assembly Unity.Mathematics.Tests.dll at Library/ScriptAssemblies/Unity.Mathematics.Tests.dll not valid. Loading of assembly skipped.
Assembly Unity.Multiplayer.Center.Editor.Tests.dll at Library/ScriptAssemblies/Unity.Multiplayer.Center.Editor.Tests.dll not valid. Loading of assembly skipped.
Assembly Unity.Multiplayer.Center.Tests.dll at Library/ScriptAssemblies/Unity.Multiplayer.Center.Tests.dll not valid. Loading of assembly skipped.
Assembly Unity.Nuget.Mono-Cecil.dll at Library/ScriptAssemblies/Unity.Nuget.Mono-Cecil.dll not valid. Loading of assembly skipped.
Assembly Unity.PathTracing.Editor.Tests.dll at Library/ScriptAssemblies/Unity.PathTracing.Editor.Tests.dll not valid. Loading of assembly skipped.
Assembly Unity.PathTracing.Runtime.Tests.dll at Library/ScriptAssemblies/Unity.PathTracing.Runtime.Tests.dll not valid. Loading of assembly skipped.
Assembly Unity.RenderPipelines.Core.Editor.Tests.dll at Library/ScriptAssemblies/Unity.RenderPipelines.Core.Editor.Tests.dll not valid. Loading of assembly skipped.
Assembly Unity.RenderPipelines.Core.Runtime.Tests.dll at Library/ScriptAssemblies/Unity.RenderPipelines.Core.Runtime.Tests.dll not valid. Loading of assembly skipped.
Assembly Unity.RenderPipelines.Universal.Config.Editor.Tests.dll at Library/ScriptAssemblies/Unity.RenderPipelines.Universal.Config.Editor.Tests.dll not valid. Loading of assembly skipped.
Assembly Unity.RenderPipelines.Universal.Editor.Tests.dll at Library/ScriptAssemblies/Unity.RenderPipelines.Universal.Editor.Tests.dll not valid. Loading of assembly skipped.
Assembly Unity.RenderPipelines.Universal.Runtime.Tests.dll at Library/ScriptAssemblies/Unity.RenderPipelines.Universal.Runtime.Tests.dll not valid. Loading of assembly skipped.
Assembly Unity.Searcher.EditorTests.dll at Library/ScriptAssemblies/Unity.Searcher.EditorTests.dll not valid. Loading of assembly skipped.
Assembly Unity.ShaderGraph.Editor.Tests.dll at Library/ScriptAssemblies/Unity.ShaderGraph.Editor.Tests.dll not valid. Loading of assembly skipped.
Assembly Unity.TextMeshPro.Editor.Tests.dll at Library/ScriptAssemblies/Unity.TextMeshPro.Editor.Tests.dll not valid. Loading of assembly skipped.
Assembly Unity.TextMeshPro.Tests.dll at Library/ScriptAssemblies/Unity.TextMeshPro.Tests.dll not valid. Loading of assembly skipped.
Assembly Unity.UnifiedRayTracing.Editor.Tests.dll at Library/ScriptAssemblies/Unity.UnifiedRayTracing.Editor.Tests.dll not valid. Loading of assembly skipped.
Assembly UnityEditor.UI.Common.Tests.dll at Library/ScriptAssemblies/UnityEditor.UI.Common.Tests.dll not valid. Loading of assembly skipped.
Assembly UnityEditor.UI.EditorTests.dll at Library/ScriptAssemblies/UnityEditor.UI.EditorTests.dll not valid. Loading of assembly skipped.
Assembly UnityEngine.UI.Tests.dll at Library/ScriptAssemblies/UnityEngine.UI.Tests.dll not valid. Loading of assembly skipped.
Native extension for Android target not found
Native extension for WindowsStandalone target not found
Native extension for WebGL target not found
[Package Manager] Failed to launch server process. Reason: Unity was launched with the -noUpm command-line argument
[Package Manager] Unable to send message (not connected to server process).
[Package Manager] Cannot connect to Unity Package Manager local server
[Package Manager] Failed to launch server process. Reason: Unity was launched with the -noUpm command-line argument
[Package Manager] Unable to send message (not connected to server process).
[Package Manager] Cannot connect to Unity Package Manager local server
ScheduleIndexationOnStartup MainProcess:False IndexOnStartup:True
Mono: successfully reloaded assembly
- Finished resetting the current domain, in  0.826 seconds
Domain Reload Profiling: 1950ms
	BeginReloadAssembly (120ms)
		DisableScriptedObjects (3ms)
		CreateAndSetChildDomain (19ms)
	RebuildCommonClasses (26ms)
	RebuildNativeTypeToScriptingClass (8ms)
	initialDomainReloadingComplete (487ms)
	LoadAllAssembliesAndSetupDomain (482ms)
		LoadAssemblies (330ms)
		AnalyzeDomain (217ms)
			TypeCache.Refresh (164ms)
				TypeCache.ScanAssembly (152ms)
			BuildScriptInfoCaches (45ms)
			ResolveRequiredComponents (7ms)
	FinalizeReload (826ms)
		SetupLoadedEditorAssemblies (0ms)
			InitializePlatformSupportModulesInManaged (12ms)
			BeforeProcessingInitializeOnLoad (109ms)
			ProcessInitializeOnLoadAttributes (419ms)
			ProcessInitializeOnLoadMethodAttributes (44ms)
			AfterProcessingInitializeOnLoad (3ms)
		AwakeInstancesAfterBackupRestoration (4ms)
Launched and connected shader compiler UnityShaderCompiler.exe after 0.01 seconds
Unloading 24 Unused Serialized files (Serialized files now loaded: 0)
Unloading 6536 unused Assets / (5.5 MB). Loaded Objects now: 7363.
Memory consumption went from 167.3 MB to 161.9 MB.
Total: 11.569100 ms (FindLiveObjects: 1.150200 ms CreateObjectMapping: 0.209900 ms MarkObjects: 8.710800 ms  DeleteObjects: 1.496400 ms)

========================================================================
Received Import Request.
  Time since last request: 866751.223014 seconds.
  path: Assets/Prefabs/Rooms/Scene_5_GameLab.fbx
  importAddress: Guid(e2c2f97397922d443a3b8a998b7e58b1) Importer(2089858483,b0f066a214c2f5e87bad3c948f4d605d)
Start importing Assets/Prefabs/Rooms/Scene_5_GameLab.fbx using Guid(e2c2f97397922d443a3b8a998b7e58b1) Importer(2089858483,b0f066a214c2f5e87bad3c948f4d605d) (ScriptedImporter) -> (Import Result ID: '817dac99952636b3f040b89fff1255d1') in 0.139881 seconds [static and dynamic dependencies]. Details - ImportResultOutputID=68dce8832140ba60420261f68516a677 DependenciesID=4e743d1267dec49d31edefd244741f3a StaticDependenciesID=6f251267a17dbc75a230ab80fe95093e 
Number of updated asset objects reloaded before import = 0Number of asset objects unloaded after import = 209

========================================================================
Received Import Request.
  Time since last request: 11.185452 seconds.
  path: Assets/Scenes/3_Design 1.unity
  importAddress: Guid(dd1c19d905c921747b180d30acb237ca) Importer(815301076,1909f56bfc062723c751e8b465ee728b)
Start importing Assets/Scenes/3_Design 1.unity using Guid(dd1c19d905c921747b180d30acb237ca) Importer(815301076,1909f56bfc062723c751e8b465ee728b) (PreviewImporter) -> (Import Result ID: '301adf30348f1cd453c0afad93e1e0b4') in 0.0006016 seconds [static and dynamic dependencies]. Details - ImportResultOutputID=a930638f7f2fa16b1869a05a6dec08cc DependenciesID=85ecaa9c4f523e507914cd6fc02968c6 StaticDependenciesID=c5c66fdf779e94d13a65b0d3d3dd4b9d 
Number of updated asset objects reloaded before import = 0Number of asset objects unloaded after import = 0

========================================================================
Received Import Request.
  Time since last request: 0.946726 seconds.
  path: Assets/Scenes/3_Design 1.unity
  importAddress: Guid(dd1c19d905c921747b180d30acb237ca) Importer(2089858483,b0f066a214c2f5e87bad3c948f4d605d)
Start importing Assets/Scenes/3_Design 1.unity using Guid(dd1c19d905c921747b180d30acb237ca) Importer(2089858483,b0f066a214c2f5e87bad3c948f4d605d) (ScriptedImporter) -> (Import Result ID: '36a2ba14f718ebc1c88b78bc8a0050c2') in 0.0098964 seconds [static and dynamic dependencies]. Details - ImportResultOutputID=7e109770181c63ad30c54ab79abc94ca DependenciesID=b1915c520e56a6bdbf7d0614a8caedc4 StaticDependenciesID=3fabd39b28b41477bde7b33911ce48e7 
Number of updated asset objects reloaded before import = 0Number of asset objects unloaded after import = 1

========================================================================
Received Import Request.
  Time since last request: 13.303695 seconds.
  path: Assets/Scenes/5_GameLab.unity
  importAddress: Guid(dd1c19d905c921747b180d30acb237ca) Importer(815301076,1909f56bfc062723c751e8b465ee728b)
Start importing Assets/Scenes/5_GameLab.unity using Guid(dd1c19d905c921747b180d30acb237ca) Importer(815301076,1909f56bfc062723c751e8b465ee728b) (PreviewImporter) -> (Import Result ID: '06f828604efe14981545ea541c5c469b') in 0.0004158 seconds [static and dynamic dependencies]. Details - ImportResultOutputID=a930638f7f2fa16b1869a05a6dec08cc DependenciesID=bb9592e7b18f4b3d3184591e5d2a18a5 StaticDependenciesID=63eacd32bfce125df0a49f6f9b8fa3df 
Number of updated asset objects reloaded before import = 0Number of asset objects unloaded after import = 0

========================================================================
Received Import Request.
  Time since last request: 0.952549 seconds.
  path: Assets/Scenes/5_GameLab.unity
  importAddress: Guid(dd1c19d905c921747b180d30acb237ca) Importer(2089858483,b0f066a214c2f5e87bad3c948f4d605d)
Start importing Assets/Scenes/5_GameLab.unity using Guid(dd1c19d905c921747b180d30acb237ca) Importer(2089858483,b0f066a214c2f5e87bad3c948f4d605d) (ScriptedImporter) -> (Import Result ID: 'fb388a29b579a7235232b835f1b9c3b2') in 0.0076634 seconds [static and dynamic dependencies]. Details - ImportResultOutputID=b7e44823e7b4de9b54abb68a75a66d79 DependenciesID=05907d44d30ea0f45aa529f153211a74 StaticDependenciesID=7ffa324b4a13ff01532776f6e2ae43fe 
Number of updated asset objects reloaded before import = 0Number of asset objects unloaded after import = 1

========================================================================
Received Import Request.
  Time since last request: 101.555096 seconds.
  path: Assets/Scenes/5_GameLab.unity
  importAddress: Guid(dd1c19d905c921747b180d30acb237ca) Importer(2089858483,b0f066a214c2f5e87bad3c948f4d605d)
Start importing Assets/Scenes/5_GameLab.unity using Guid(dd1c19d905c921747b180d30acb237ca) Importer(2089858483,b0f066a214c2f5e87bad3c948f4d605d) (ScriptedImporter) -> (Import Result ID: 'a333abf9079e82a72313afce19c848b4') in 0.0103805 seconds [static and dynamic dependencies]. Details - ImportResultOutputID=2a54e6c130ac4c6a6953814062c74837 DependenciesID=3aafd011bb93dabec0fc5bc6c74e7d15 StaticDependenciesID=9333bab19ce2f334e4a84a2d60329b55 
Number of updated asset objects reloaded before import = 0Number of asset objects unloaded after import = 1

========================================================================
Received Import Request.
  Time since last request: 15.962571 seconds.
  path: Assets/Scenes/5_GameLab.unity
  importAddress: Guid(dd1c19d905c921747b180d30acb237ca) Importer(2089858483,b0f066a214c2f5e87bad3c948f4d605d)
Start importing Assets/Scenes/5_GameLab.unity using Guid(dd1c19d905c921747b180d30acb237ca) Importer(2089858483,b0f066a214c2f5e87bad3c948f4d605d) (ScriptedImporter) -> (Import Result ID: '9418248ab47acf7bc94f22fd8c5fcd17') in 0.0106639 seconds [static and dynamic dependencies]. Details - ImportResultOutputID=b5a87a5f9bd9736f1cbe47628a6e1357 DependenciesID=908a32344e97b27e49e162ec4f361b39 StaticDependenciesID=bb655669da7347b89c590662094076d7 
Number of updated asset objects reloaded before import = 0Number of asset objects unloaded after import = 1

========================================================================
Received Import Request.
  Time since last request: 28.400159 seconds.
  path: Assets/Scenes/5_GameLab.unity
  importAddress: Guid(dd1c19d905c921747b180d30acb237ca) Importer(2089858483,b0f066a214c2f5e87bad3c948f4d605d)
Start importing Assets/Scenes/5_GameLab.unity using Guid(dd1c19d905c921747b180d30acb237ca) Importer(2089858483,b0f066a214c2f5e87bad3c948f4d605d) (ScriptedImporter) -> (Import Result ID: '29068b8ca62104023c2e8d8cbbf9af14') in 0.0069801 seconds [static and dynamic dependencies]. Details - ImportResultOutputID=6092caf71bf3f4b16940ceb6db7035c7 DependenciesID=b87a8c965537a23f0904a5bc9fbabe85 StaticDependenciesID=630f32e49521c8b69203e92c174eb8b9 
Number of updated asset objects reloaded before import = 0Number of asset objects unloaded after import = 1

========================================================================
Received Import Request.
  Time since last request: 28.985373 seconds.
  path: Assets/Scenes/5_GameLab.unity
  importAddress: Guid(dd1c19d905c921747b180d30acb237ca) Importer(2089858483,b0f066a214c2f5e87bad3c948f4d605d)
Start importing Assets/Scenes/5_GameLab.unity using Guid(dd1c19d905c921747b180d30acb237ca) Importer(2089858483,b0f066a214c2f5e87bad3c948f4d605d) (ScriptedImporter) -> (Import Result ID: 'ea5b84963209a7df46d2b0491e538e0d') in 0.0094884 seconds [static and dynamic dependencies]. Details - ImportResultOutputID=258006cb227a49c186799a25d3f3dd0c DependenciesID=b350a8237502f4a2fbc0e41213605d10 StaticDependenciesID=d90f27582ebbc6cc0566a978fda18f04 
Number of updated asset objects reloaded before import = 0Number of asset objects unloaded after import = 1

========================================================================
Received Import Request.
  Time since last request: 177.689815 seconds.
  path: Assets/Scenes/5_GameLab.unity
  importAddress: Guid(dd1c19d905c921747b180d30acb237ca) Importer(2089858483,b0f066a214c2f5e87bad3c948f4d605d)
Start importing Assets/Scenes/5_GameLab.unity using Guid(dd1c19d905c921747b180d30acb237ca) Importer(2089858483,b0f066a214c2f5e87bad3c948f4d605d) (ScriptedImporter) -> (Import Result ID: '01adb451de65006bd60443847de3fcfb') in 0.0074998 seconds [static and dynamic dependencies]. Details - ImportResultOutputID=567fcedd7b32646c509015a8364b8a3a DependenciesID=c5f94826f6772456bc1bc107786d379d StaticDependenciesID=469f505f42d62c4ba469b0ccd91b133e 
Number of updated asset objects reloaded before import = 0Number of asset objects unloaded after import = 1

========================================================================
Received Import Request.
  Time since last request: 69.791750 seconds.
  path: Assets/Scenes/5_GameLab.unity
  importAddress: Guid(dd1c19d905c921747b180d30acb237ca) Importer(2089858483,b0f066a214c2f5e87bad3c948f4d605d)
Start importing Assets/Scenes/5_GameLab.unity using Guid(dd1c19d905c921747b180d30acb237ca) Importer(2089858483,b0f066a214c2f5e87bad3c948f4d605d) (ScriptedImporter) -> (Import Result ID: '87d1e451369822892622cd98c93dfe1b') in 0.0105217 seconds [static and dynamic dependencies]. Details - ImportResultOutputID=74cc00cdadd2cfc4dd023cab4a7d714b DependenciesID=4f03ff0390145bde08dcb47ec355df19 StaticDependenciesID=2c7b0bff914910820095dcfdaed4b40a 
Number of updated asset objects reloaded before import = 0Number of asset objects unloaded after import = 1

========================================================================
Received Import Request.
  Time since last request: 233.390996 seconds.
  path: Assets/Prefabs/Rooms/Scene_7_PartyFloor.fbx
  importAddress: Guid(724fd1dead15e194fbcc1f4e3de99b66) Importer(815301076,1909f56bfc062723c751e8b465ee728b)
Start importing Assets/Prefabs/Rooms/Scene_7_PartyFloor.fbx using Guid(724fd1dead15e194fbcc1f4e3de99b66) Importer(815301076,1909f56bfc062723c751e8b465ee728b) (PreviewImporter) -> (Import Result ID: 'f43ab17b4b79fa880c2480b60a3e0490') in 0.0258211 seconds [static and dynamic dependencies]. Details - ImportResultOutputID=decd838a5aaff9ba644a05b9fab9ce52 DependenciesID=d647f01f4f10ec60c2f677b53434a8c4 StaticDependenciesID=817425f5eb9a36ab223f313ca756a60b 
Number of updated asset objects reloaded before import = 0Number of asset objects unloaded after import = 4

========================================================================
Received Import Request.
  Time since last request: 0.938599 seconds.
  path: Assets/Prefabs/Rooms/Scene_7_PartyFloor.fbx
  importAddress: Guid(724fd1dead15e194fbcc1f4e3de99b66) Importer(2089858483,b0f066a214c2f5e87bad3c948f4d605d)
Start importing Assets/Prefabs/Rooms/Scene_7_PartyFloor.fbx using Guid(724fd1dead15e194fbcc1f4e3de99b66) Importer(2089858483,b0f066a214c2f5e87bad3c948f4d605d) (ScriptedImporter) -> (Import Result ID: '496e02b39f59174eff7c881628cc930d') in 0.0119812 seconds [static and dynamic dependencies]. Details - ImportResultOutputID=7c00d2739d61389bcd0e7b2c1e5acf4a DependenciesID=750335e73fc9e08d1624d4c45b0a5643 StaticDependenciesID=1a1a4507ed014a9173010c864b8ce6a3 
Number of updated asset objects reloaded before import = 0Number of asset objects unloaded after import = 4

========================================================================
Received Import Request.
  Time since last request: 13.643870 seconds.
  path: Assets/Scenes/5_GameLab.unity
  importAddress: Guid(dd1c19d905c921747b180d30acb237ca) Importer(815301076,1909f56bfc062723c751e8b465ee728b)
Start importing Assets/Scenes/5_GameLab.unity using Guid(dd1c19d905c921747b180d30acb237ca) Importer(815301076,1909f56bfc062723c751e8b465ee728b) (PreviewImporter) -> (Import Result ID: '84b9c3a0e213fc0dc36e77a12d2a6300') in 0.0004586 seconds [static and dynamic dependencies]. Details - ImportResultOutputID=a930638f7f2fa16b1869a05a6dec08cc DependenciesID=dc3fe68d6de9072ba520ad748193e46c StaticDependenciesID=f42020094da2720d3c59abe61c6232ad 
Number of updated asset objects reloaded before import = 0Number of asset objects unloaded after import = 0

========================================================================
Received Import Request.
  Time since last request: 2.772012 seconds.
  path: Assets/Scenes/5_GameLab 1.unity
  importAddress: Guid(565e504b725029a41a602bfb29e124dd) Importer(815301076,1909f56bfc062723c751e8b465ee728b)
Start importing Assets/Scenes/5_GameLab 1.unity using Guid(565e504b725029a41a602bfb29e124dd) Importer(815301076,1909f56bfc062723c751e8b465ee728b) (PreviewImporter) -> (Import Result ID: 'eda711174e5a52634c3fb9ffdc70d29b') in 0.0004343 seconds [static and dynamic dependencies]. Details - ImportResultOutputID=b03adb22bb5b15120ad5590499e4a171 DependenciesID=3dd9b1841dad4b52eb7b1b3b86e8dcf1 StaticDependenciesID=09f06146805dbbddf49e18b32c341e2f 
Number of updated asset objects reloaded before import = 0Number of asset objects unloaded after import = 0

========================================================================
Received Import Request.
  Time since last request: 0.945828 seconds.
  path: Assets/Scenes/5_GameLab 1.unity
  importAddress: Guid(565e504b725029a41a602bfb29e124dd) Importer(2089858483,b0f066a214c2f5e87bad3c948f4d605d)
Start importing Assets/Scenes/5_GameLab 1.unity using Guid(565e504b725029a41a602bfb29e124dd) Importer(2089858483,b0f066a214c2f5e87bad3c948f4d605d) (ScriptedImporter) -> (Import Result ID: '9c61f1440bab7ea0b073740c09448e01') in 0.0098927 seconds [static and dynamic dependencies]. Details - ImportResultOutputID=417884324238827a1ba8e4c47ac3cd41 DependenciesID=8b510043989ace3b9e557070a13704a9 StaticDependenciesID=f9a15e44ac5bf0b25abb5c1fdbe8a82f 
Number of updated asset objects reloaded before import = 0Number of asset objects unloaded after import = 1

========================================================================
Received Import Request.
  Time since last request: 14.735644 seconds.
  path: Assets/Scenes/7_PartyFloor.unity
  importAddress: Guid(565e504b725029a41a602bfb29e124dd) Importer(815301076,1909f56bfc062723c751e8b465ee728b)
Start importing Assets/Scenes/7_PartyFloor.unity using Guid(565e504b725029a41a602bfb29e124dd) Importer(815301076,1909f56bfc062723c751e8b465ee728b) (PreviewImporter) -> (Import Result ID: '471e831ada0efd589e38f0114bc7416c') in 0.0004423 seconds [static and dynamic dependencies]. Details - ImportResultOutputID=b03adb22bb5b15120ad5590499e4a171 DependenciesID=ae636beb18ddde60307c26c13ab3a866 StaticDependenciesID=d81accf1ce8a0f83465b4f2f96699642 
Number of updated asset objects reloaded before import = 0Number of asset objects unloaded after import = 0

========================================================================
Received Import Request.
  Time since last request: 0.955431 seconds.
  path: Assets/Scenes/7_PartyFloor.unity
  importAddress: Guid(565e504b725029a41a602bfb29e124dd) Importer(2089858483,b0f066a214c2f5e87bad3c948f4d605d)
Start importing Assets/Scenes/7_PartyFloor.unity using Guid(565e504b725029a41a602bfb29e124dd) Importer(2089858483,b0f066a214c2f5e87bad3c948f4d605d) (ScriptedImporter) -> (Import Result ID: '202d5edcb9b7611914031ef525085b41') in 0.0092213 seconds [static and dynamic dependencies]. Details - ImportResultOutputID=117748968d77d6cf9f738063335df00b DependenciesID=2d54b303715f01c2bedd656ee2753603 StaticDependenciesID=ac3d2ea988d14358a3274ee9698dec14 
Number of updated asset objects reloaded before import = 0Number of asset objects unloaded after import = 1

========================================================================
Received Import Request.
  Time since last request: 177.097431 seconds.
  path: Assets/Prefabs/Rooms/Scene_8_ToiletRoom.fbx
  importAddress: Guid(21a95c27bd652914a9be5a9c692ffdd3) Importer(815301076,1909f56bfc062723c751e8b465ee728b)
Start importing Assets/Prefabs/Rooms/Scene_8_ToiletRoom.fbx using Guid(21a95c27bd652914a9be5a9c692ffdd3) Importer(815301076,1909f56bfc062723c751e8b465ee728b) (PreviewImporter) -> (Import Result ID: '586307cb771da05a59d413b5362576a6') in 0.0036595 seconds [static and dynamic dependencies]. Details - ImportResultOutputID=527c2fa79e0d24446c8c7c024cf81ada DependenciesID=2cb86c02af8c2c6cb2d6c476ab9dce8c StaticDependenciesID=5fe66b56d17911c1f0cd63c5e0ee5701 
Number of updated asset objects reloaded before import = 0Number of asset objects unloaded after import = 4

========================================================================
Received Import Request.
  Time since last request: 0.956548 seconds.
  path: Assets/Prefabs/Rooms/Scene_8_ToiletRoom.fbx
  importAddress: Guid(21a95c27bd652914a9be5a9c692ffdd3) Importer(2089858483,b0f066a214c2f5e87bad3c948f4d605d)
Start importing Assets/Prefabs/Rooms/Scene_8_ToiletRoom.fbx using Guid(21a95c27bd652914a9be5a9c692ffdd3) Importer(2089858483,b0f066a214c2f5e87bad3c948f4d605d) (ScriptedImporter) -> (Import Result ID: '7496e80415db4e52a3fd20f779655f88') in 0.0100205 seconds [static and dynamic dependencies]. Details - ImportResultOutputID=22ddecb825de8c999a2264e0bf9f646f DependenciesID=046edd750ca0a21fba3209c7cb27ced8 StaticDependenciesID=f603a82d6b16a62f75cbe981f49d9dcb 
Number of updated asset objects reloaded before import = 0Number of asset objects unloaded after import = 4

========================================================================
Received Import Request.
  Time since last request: 64.293926 seconds.
  path: Assets/Scenes/7_PartyFloor.unity
  importAddress: Guid(565e504b725029a41a602bfb29e124dd) Importer(2089858483,b0f066a214c2f5e87bad3c948f4d605d)
Start importing Assets/Scenes/7_PartyFloor.unity using Guid(565e504b725029a41a602bfb29e124dd) Importer(2089858483,b0f066a214c2f5e87bad3c948f4d605d) (ScriptedImporter) -> (Import Result ID: '66c68f821d6b5599bd5ecfdb8f883c6a') in 0.0109657 seconds [static and dynamic dependencies]. Details - ImportResultOutputID=c37182481a67f1719adb5104214fbd6b DependenciesID=3fb6597e7532ae789a9a9ca5cd8c3510 StaticDependenciesID=0ecc8d6edffb94c8792b147783c4de03 
Number of updated asset objects reloaded before import = 0Number of asset objects unloaded after import = 1

========================================================================
Received Import Request.
  Time since last request: 313.594194 seconds.
  path: Assets/Scenes/3_Design/PostProcessing Profile.asset
  importAddress: Guid(1f4ec9cec2c23fa4c8887fafe9171b2e) Importer(2089858483,b0f066a214c2f5e87bad3c948f4d605d)
Start importing Assets/Scenes/3_Design/PostProcessing Profile.asset using Guid(1f4ec9cec2c23fa4c8887fafe9171b2e) Importer(2089858483,b0f066a214c2f5e87bad3c948f4d605d) (ScriptedImporter) -> (Import Result ID: '24e75bf5daf06cf1f34102742d505012') in 0.0175382 seconds [static and dynamic dependencies]. Details - ImportResultOutputID=8c5824a99bf9b2724ecc9003c1088d8c DependenciesID=f9dafd5a6e70bcf2ca917169f533bb8a StaticDependenciesID=d0d3d9eb6332e6d6fd8cef851f22caed 
Number of updated asset objects reloaded before import = 0Number of asset objects unloaded after import = 5

========================================================================
Received Import Request.
  Time since last request: 346.180310 seconds.
  path: Assets/Scenes/3_Design/PostProcessing Profile.asset
  importAddress: Guid(1f4ec9cec2c23fa4c8887fafe9171b2e) Importer(2089858483,b0f066a214c2f5e87bad3c948f4d605d)
Start importing Assets/Scenes/3_Design/PostProcessing Profile.asset using Guid(1f4ec9cec2c23fa4c8887fafe9171b2e) Importer(2089858483,b0f066a214c2f5e87bad3c948f4d605d) (ScriptedImporter) -> (Import Result ID: '12564a6286f873655da1dbfcc15ae7c3') in 0.0112183 seconds [static and dynamic dependencies]. Details - ImportResultOutputID=29fecb276239cbd77db304c2aefc96b0 DependenciesID=cae4db1982a05b006bfd5028e4c37652 StaticDependenciesID=5b3c436da9016aa1375bc5d2f1f12585 
Number of updated asset objects reloaded before import = 0Number of asset objects unloaded after import = 5

========================================================================
Received Import Request.
  Time since last request: 560.640143 seconds.
  path: Assets/Scenes/3_Design/PostProcessing Profile.asset
  importAddress: Guid(1f4ec9cec2c23fa4c8887fafe9171b2e) Importer(2089858483,b0f066a214c2f5e87bad3c948f4d605d)
Start importing Assets/Scenes/3_Design/PostProcessing Profile.asset using Guid(1f4ec9cec2c23fa4c8887fafe9171b2e) Importer(2089858483,b0f066a214c2f5e87bad3c948f4d605d) (ScriptedImporter) -> (Import Result ID: 'dd5c1dbd4ed941390f0d8f809863a17d') in 0.0106575 seconds [static and dynamic dependencies]. Details - ImportResultOutputID=f1bbabcc68636345b98de5c744283d35 DependenciesID=5f980ba5b7b504baf683fbf2bbc867c3 StaticDependenciesID=2c7925ee0b424a86ad2e8afe309e7fea 
Number of updated asset objects reloaded before import = 0Number of asset objects unloaded after import = 5

